[naturamoz.org.mz/index.html]
[backblue.gif]
[fade.gif]
[index.html]
[naturamoz.org.mz/static/home2/icons/favico-50x50.ico]
[naturamoz.org.mz/static/home2/css/owl.carousel.css]
[naturamoz.org.mz/static/home2/css/barfiller.css]
[naturamoz.org.mz/static/home2/css/animate.css]
[naturamoz.org.mz/static/home2/css/font-awesome.min.css]
[naturamoz.org.mz/static/home2/css/bootstrap.min.css]
[naturamoz.org.mz/static/home2/css/slicknav.css]
[naturamoz.org.mz/static/home2/css/main.css]
[naturamoz.org.mz/static/home2/nav/nav.css]
[unpkg.com/tailwindcss@1.1.4/dist/tailwind.min.css]
[naturamoz.org.mz/static/home/css/partners.css]
[naturamoz.org.mz/static/blog2/css/blog.css]
[naturamoz.org.mz/static/home2/nav/modalNav.css]
[naturamoz.org.mz/static/home/img/logo/Natura-125X125.png]
[naturamoz.org.mz/static/home2/fotos/PaginaPrincipal/ExpedicaoCientificaMarinhaEntrePomeneECaboSSebastiao.jpg]
[naturamoz.org.mz/gallery/index.html]
[naturamoz.org.mz/static/home2/fotos/PaginaPrincipal/MonitoramentodeBufalosnaReservvadoNiassa.jpg]
[naturamoz.org.mz/videos/index.html]
[naturamoz.org.mz/blog/index.html]
[naturamoz.org.mz/static/home2/fotos/PaginaPrincipal/ParceriaEntreUniMaputoeNatura.jpg]
[naturamoz.org.mz/static/home2/fotos/PaginaPrincipal/ParticipacaonaConferenciaCrescendoAzul.jpg]
[naturamoz.org.mz/static/home2/fotos/PaginaPrincipal/principalresgate.jpg]
[naturamoz.org.mz/static/home2/icons/pangolin.png]
[naturamoz.org.mz/static/home2/fotos/quemsomos.jpg]
[naturamoz.org.mz/static/home2/fotos/mv/MissaoeVisao1.jpg]
[naturamoz.org.mz/static/home2/fotos/Historia/DSC_0193.jpg]
[naturamoz.org.mz/project/9/index.html]
[naturamoz.org.mz/static/home2/fotos/team/300X300/20180920DeniseBranco_Jpeg-1989.jpg]
[naturamoz.org.mz/project/10/index.html]
[naturamoz.org.mz/static/home2/fotos/team/300X300/01-antonio-branco.jpg]
[naturamoz.org.mz/project/3/index.html]
[naturamoz.org.mz/project/4/index.html]
[naturamoz.org.mz/static/home2/fotos/team/300X300/3.png]
[naturamoz.org.mz/project/11/index.html]
[naturamoz.org.mz/project/5/index.html]
[naturamoz.org.mz/static/home2/fotos/team/300X300/03-idilia-goncalves.jpg]
[naturamoz.org.mz/project/13/index.html]
[naturamoz.org.mz/project/8/index.html]
[naturamoz.org.mz/static/home2/fotos/team/300X300/abilio.jpg]
[naturamoz.org.mz/static/home2/fotos/team/300X300/2.png]
[naturamoz.org.mz/static/home2/fotos/team/300X300/guidion2.jpg]
[naturamoz.org.mz/static/home2/fotos/team/300X300/AnisleyMassango.jpg]
[naturamoz.org.mz/static/home2/fotos/team/300X300/ExcelsoMausse.jpg]
[raw.githubusercontent.com/explicadordev/Images/master/Natura/partners/up.png]
[naturamoz.org.mz/static/home2/fotos/logosdanature/FCNM.png]
[naturamoz.org.mz/static/home2/fotos/logosdanature/FEUP.png]
[naturamoz.org.mz/static/home2/fotos/logosdanature/WIORI.png]
[naturamoz.org.mz/static/home2/fotos/logosdanature/GORONGOSA.png]
[naturamoz.org.mz/static/home2/fotos/logosdanature/KEEP-PONTA.png]
[naturamoz.org.mz/static/home2/fotos/logosdanature/AVM-Consultores-Lda.png]
[naturamoz.org.mz/static/home2/fotos/logosdanature/ICOR.png]
[naturamoz.org.mz/static/home2/fotos/logosdanature/ADAPO.png]
[naturamoz.org.mz/static/home2/fotos/logosdanature/ANAC.png]
[naturamoz.org.mz/static/home2/fotos/logosdanature/TECNEL.png]
[naturamoz.org.mz/media/home/1e8b8d85-382a-4c71-aa80-8fab480707e8.jpg]
[naturamoz.org.mz/blog/1/index.html]
[naturamoz.org.mz/blog/2/index.html]
[naturamoz.org.mz/media/home/6a80ac4a-37c8-4d72-987f-cab4275cdac2.jpg]
[naturamoz.org.mz/blog/3/index.html]
[naturamoz.org.mz/media/home/fb655ac0-7ae1-437b-9799-03bdd0c98cdf.jpg]
[code.jquery.com/jquery-2.2.4.min.js]
[naturamoz.org.mz/static/home2/js/vendor/popper.min.js]
[naturamoz.org.mz/static/home2/js/vendor/bootstrap.min.js]
[naturamoz.org.mz/static/home2/js/vendor/owl.carousel.min.js]
[naturamoz.org.mz/static/home2/js/vendor/isotope.pkgd.min.js]
[naturamoz.org.mz/static/home2/js/vendor/jquery.barfiller.js]
[naturamoz.org.mz/static/home2/js/vendor/loopcounter.js]
[naturamoz.org.mz/static/home2/js/vendor/slicknav.min.js]
[naturamoz.org.mz/static/home2/js/active.js]
[naturamoz.org.mz/static/home2/nav/nav.js]
[naturamoz.org.mz/static/home/contactform/contactform.js]
[naturamoz.org.mz/static/home/contactform/newsletter.js]
[naturamoz.org.mz/static/home2/nav/scroll1.js]
[cdnjs.cloudflare.com/ajax/libs/slick-carousel/1.6.0/slick.js]
[naturamoz.org.mz/index.html]
[naturamoz.org.mz/static/home/js/partners.js]
[naturamoz.org.mz/static/home2/css/owl.video.play.41.delayed]
[naturamoz.org.mz/static/home2/css/owl.carousel.css]
[naturamoz.org.mz/static/home2/css/barfiller.css]
[naturamoz.org.mz/static/home2/css/animate.css]
[naturamoz.org.mz/static/home2/fonts/fontawesome-webfont3e6e.eot]
[naturamoz.org.mz/static/home2/fonts/fontawesome-webfontd41d.eot]
[naturamoz.org.mz/static/home2/fonts/fontawesome-webfont3e6e.woff2]
[naturamoz.org.mz/static/home2/fonts/fontawesome-webfont3e6e.woff]
[naturamoz.org.mz/static/home2/fonts/fontawesome-webfont3e6e.ttf]
[naturamoz.org.mz/static/home2/css/font-awesome.min.css]
[naturamoz.org.mz/static/home2/css/bootstrap.min.css]
[naturamoz.org.mz/static/home2/css/slicknav.css]
[naturamoz.org.mz/static/home2/fotos/PaginaPrincipal/actividades/P1011138.jpg]
[naturamoz.org.mz/static/home2/css/main.css]
[naturamoz.org.mz/static/home2/nav/nav.css]
[unpkg.com/tailwindcss@1.1.4/dist/tailwind.min.css]
[naturamoz.org.mz/static/home/css/partners.css]
[naturamoz.org.mz/static/blog2/css/blog.css]
[naturamoz.org.mz/static/home2/nav/modalNav.css]
[naturamoz.org.mz/static/gallery2/css/style.css]
[naturamoz.org.mz/static/home2/fonts/fontawesome-webfont3e6e.svg]
[naturamoz.org.mz/static/gallery2/css/font-awesome.css]
[naturamoz.org.mz/media/home/03058334-4557-48f4-b910-5b9c0461f734.jpg]
[naturamoz.org.mz/media/home/d660b3e5-da65-4cbf-a6d1-cbdc0b7d52ab.jpg]
[naturamoz.org.mz/media/home/85835dc2-9230-48bb-9bdb-489beafa8bc6.jpg]
[naturamoz.org.mz/media/home/8938643c-ca0e-4d5a-9430-6e29c4b5d2db.jpg]
[naturamoz.org.mz/media/home/661c9a81-9e0c-4410-acbf-048127677942.png]
[naturamoz.org.mz/media/home/084e519b-0c73-40f9-8052-d01bfb298aa6.jpg]
[naturamoz.org.mz/media/home/31a47fae-2249-4520-8289-e7dab59c97c1.jpg]
[naturamoz.org.mz/media/home/0907eb2b-054e-494d-8dfa-5bad74dba7fc.jpg]
[naturamoz.org.mz/media/home/0523fe34-8ddc-4a82-8b1b-d8f936627c0c.jpg]
[naturamoz.org.mz/media/home/60cb5c1b-d736-44ab-b582-fb961ef064d5.jpg]
[naturamoz.org.mz/media/home/87843b53-a87c-4aad-a28c-20aecb6cbe55.jpg]
[naturamoz.org.mz/media/home/6bdcf7de-5c4b-4c5f-b85e-6257b13c532b.jpg]
[naturamoz.org.mz/static/home2/js/jquery-2.2.4.min.js]
[naturamoz.org.mz/static/gallery2/js/jquery-2.1.4.min.js]
[naturamoz.org.mz/static/gallery2/js/jquery.chocolat.js]
[naturamoz.org.mz/static/gallery2/css/chocolat.css]
[naturamoz.org.mz/gallery/index.html]
[naturamoz.org.mz/static/gallery2/js/bootstrap.js]
[code.jquery.com/jquery-3.3.1.min.js]
[naturamoz.org.mz/static/videos/css/style.css]
[naturamoz.org.mz/static/home2/fotos/videos/image.png]
[naturamoz.org.mz/static/home2/fotos/videos/wiorimar.png]
[naturamoz.org.mz/videos/index.html]
[naturamoz.org.mz/static/videos/compiled/base.min.js]
[naturamoz.org.mz/static/blog2/blog/style.css]
[naturamoz.org.mz/media/home/34519787-c08b-4b4f-9ca3-bb888d308d9d.jpg]
[naturamoz.org.mz/blog/6/index.html]
[naturamoz.org.mz/media/home/88a1da12-0a93-4d53-ae41-453c59af0278.jpg]
[naturamoz.org.mz/blog/7/index.html]
[naturamoz.org.mz/media/home/b50b1695-086f-412a-bad9-832984c1a408.jpg]
[naturamoz.org.mz/blog/8/index.html]
[naturamoz.org.mz/media/home/ea1dd106-2d06-4f6c-8992-33c44541ba6f.jpg]
[naturamoz.org.mz/media/home/3688630d-48d2-40b2-ace9-af074c9317a5.jpg]
[naturamoz.org.mz/blog/9/index.html]
[naturamoz.org.mz/media/home/e45d9c11-914a-460f-9d56-6b8c0a03d3ff.jpg]
[naturamoz.org.mz/blog/10/index.html]
[naturamoz.org.mz/media/home/57b5f3d4-50c8-43d9-9566-0d0842a30a03.jpg]
[naturamoz.org.mz/blog/11/index.html]
[naturamoz.org.mz/media/home/0ed72b83-b063-4f37-a3ff-9889afefd62f.jpg]
[naturamoz.org.mz/blog/12/index.html]
[naturamoz.org.mz/media/home/9432840d-9f3d-46c1-b089-c0454d20894c.jpg]
[naturamoz.org.mz/blog/13/index.html]
[naturamoz.org.mz/media/home/a125feaa-0275-4d88-bdff-b878aaa56b70.jpg]
[naturamoz.org.mz/blog/index.html]
[naturamoz.org.mz/admin/index.html]
[naturamoz.org.mz/blog/14/index.html]
[naturamoz.org.mz/blog/15/index.html]
[naturamoz.org.mz/admin/login/indexfa33.html]
[naturamoz.org.mz/media/home/0b1b11e8-2718-4126-8e17-7d9635c087d5.jpg]
[naturamoz.org.mz/media/home/7da8d8a6-cd6c-4f4f-bc7c-3d3fd435277b.jpg]
[naturamoz.org.mz/project/9/index.html]
[naturamoz.org.mz/project/10/index.html]
[naturamoz.org.mz/media/home/49068ff8-cd31-4943-8a40-5242cc302042.jpg]
[naturamoz.org.mz/media/home/d661fd9e-2faf-4856-a351-fc2a9b556575.jpg]
[naturamoz.org.mz/media/home/cc274917-1cbb-4bca-a81b-b21b29dc8072.jpg]
[naturamoz.org.mz/project/3/index.html]
[naturamoz.org.mz/project/4/index.html]
[naturamoz.org.mz/project/11/index.html]
[naturamoz.org.mz/media/home/0820bb08-c641-4444-9b04-6208c0ac754d.jpg]
[naturamoz.org.mz/media/home/95368b59-52d2-4e85-b744-c6e8534c0e9c.jpg]
[naturamoz.org.mz/project/5/index.html]
[naturamoz.org.mz/project/13/index.html]
[naturamoz.org.mz/media/home/2c5bad0d-a93c-4adf-8efc-d58f4811d3d9.jpg]
[naturamoz.org.mz/project/8/index.html]
[naturamoz.org.mz/blog/1/index.html]
[naturamoz.org.mz/blog/2/index.html]
[naturamoz.org.mz/blog/3/index.html]
[naturamoz.org.mz/static/home2/css/owl.video.play.html]
[naturamoz.org.mz/static/home2/fonts/fontawesome-webfont3e6e.svg]
[naturamoz.org.mz/static/gallery2/images/banner1.jpg]
[naturamoz.org.mz/static/gallery2/images/banner2.jpg]
[naturamoz.org.mz/static/gallery2/css/style.css]
[naturamoz.org.mz/static/gallery2/fonts/fontawesome-webfont3e6e.eot]
[naturamoz.org.mz/static/gallery2/fonts/fontawesome-webfontd41d.eot]
[naturamoz.org.mz/static/gallery2/fonts/fontawesome-webfont3e6e.woff2]
[naturamoz.org.mz/static/gallery2/fonts/fontawesome-webfont3e6e.woff]
[naturamoz.org.mz/static/gallery2/fonts/fontawesome-webfont3e6e.ttf]
[naturamoz.org.mz/static/gallery2/css/font-awesome.css]
[naturamoz.org.mz/static/gallery2/images/left.png]
[naturamoz.org.mz/static/gallery2/fonts/fontawesome-webfont3e6e.svg]
[naturamoz.org.mz/static/gallery2/images/right.png]
[naturamoz.org.mz/static/gallery2/images/close.png]
[naturamoz.org.mz/static/gallery2/images/loading.gif]
[naturamoz.org.mz/static/gallery2/css/chocolat.css]
[naturamoz.org.mz/static/videos/images/bg.jpg]
[naturamoz.org.mz/static/videos/images/fb/fancybox_sprite.png]
[naturamoz.org.mz/static/videos/images/fb/fancybox_loading.gif]
[naturamoz.org.mz/static/videos/images/fb/blank.gif]
[naturamoz.org.mz/static/videos/images/fb/fancybox_overlay.png]
[naturamoz.org.mz/static/videos/images/fb/fancybox_sprite@2x.png]
[naturamoz.org.mz/static/videos/images/fb/fancybox_loading@2x.gif]
[naturamoz.org.mz/static/videos/css/style.css]
[naturamoz.org.mz/static/blog2/images/search.png]
[naturamoz.org.mz/static/blog2/images/more.png]
[naturamoz.org.mz/static/blog2/images/icon3.png]
[naturamoz.org.mz/static/blog2/blog/style.css]
[naturamoz.org.mz/blog/6/index.html]
[naturamoz.org.mz/blog/7/index.html]
[naturamoz.org.mz/blog/8/index.html]
[naturamoz.org.mz/blog/9/index.html]
[naturamoz.org.mz/blog/10/index.html]
[naturamoz.org.mz/blog/11/index.html]
[naturamoz.org.mz/blog/12/index.html]
[naturamoz.org.mz/blog/13/index.html]
[naturamoz.org.mz/blog/14/index.html]
[naturamoz.org.mz/blog/15/index.html]
[stackpath.bootstrapcdn.com/bootstrap/4.3.1/css/bootstrap.min.css]
[naturamoz.org.mz/static/home/img/natura.png]
[code.jquery.com/jquery-3.3.1.slim.min.js]
[cdnjs.cloudflare.com/ajax/libs/popper.js/1.14.7/umd/popper.min.js]
[stackpath.bootstrapcdn.com/bootstrap/4.3.1/js/bootstrap.min.js]
[naturamoz.org.mz/admin/login/indexfa33.html]
[127.0.0.1_35729/livereload.js]
[naturamoz.org.mz/static/gallery2/fonts/fontawesome-webfont3e6e.svg]
[naturamoz.org.mz/static/gallery2/images/loading.html]
[naturamoz.org.mz/static/blog2/images/search.html]
[naturamoz.org.mz/static/blog2/images/more.html]
[naturamoz.org.mz/static/blog2/images/icon3.html]
[stackpath.bootstrapcdn.com/bootstrap/4.3.1/css/bootstrap.min.css]
